#-----------------------------------------------------------
# Vivado v2017.1 (64-bit)
# SW Build 1846317 on Fri Apr 14 18:54:47 MDT 2017
# IP Build 1846188 on Fri Apr 14 20:52:08 MDT 2017
# Start of session at: Tue Mar 27 14:49:29 2018
# Process ID: 30804
# Current directory: /home/laurensvandam/pairhmm_posit_hdl
# Command line: vivado
# Log file: /home/laurensvandam/pairhmm_posit_hdl/vivado.log
# Journal file: /home/laurensvandam/pairhmm_posit_hdl/vivado.jou
#-----------------------------------------------------------
start_gui
create_project posit_add /home/laurensvandam/pairhmm_posit_hdl/posit_add -part xc7a35tcpg236-3
file mkdir /home/laurensvandam/pairhmm_posit_hdl/posit_add/posit_add.srcs/sources_1/new
close [ open /home/laurensvandam/pairhmm_posit_hdl/posit_add/posit_add.srcs/sources_1/new/test.v w ]
add_files /home/laurensvandam/pairhmm_posit_hdl/posit_add/posit_add.srcs/sources_1/new/test.v
update_compile_order -fileset sources_1
import_files -norecurse {/home/laurensvandam/pairhmm_posit_hdl/posit_add/Posit-Adder/posit_adder.v /home/laurensvandam/pairhmm_posit_hdl/posit_add/Posit-Adder/add_N.v /home/laurensvandam/pairhmm_posit_hdl/posit_add/Posit-Adder/posit_adder_8bit_tb.v /home/laurensvandam/pairhmm_posit_hdl/posit_add/Posit-Adder/sub_N.v /home/laurensvandam/pairhmm_posit_hdl/posit_add/Posit-Adder/LOD_N.v /home/laurensvandam/pairhmm_posit_hdl/posit_add/Posit-Adder/DSR_left_N_S.v /home/laurensvandam/pairhmm_posit_hdl/posit_add/Posit-Adder/add_mantovf.v /home/laurensvandam/pairhmm_posit_hdl/posit_add/Posit-Adder/data_extract.v /home/laurensvandam/pairhmm_posit_hdl/posit_add/Posit-Adder/DSR_right_N_S.v /home/laurensvandam/pairhmm_posit_hdl/posit_add/Posit-Adder/LZD_N.v}
update_compile_order -fileset sources_1
update_compile_order -fileset sources_1
launch_runs synth_1 -jobs 2
wait_on_run synth_1
remove_files  /home/laurensvandam/pairhmm_posit_hdl/posit_add/posit_add.srcs/sources_1/imports/Posit-Adder/posit_adder_8bit_tb.v
move_files -fileset sim_1 [get_files  /home/laurensvandam/pairhmm_posit_hdl/posit_add/posit_add.srcs/sources_1/imports/Posit-Adder/posit_adder_8bit_tb.v]
update_compile_order -fileset sources_1
update_compile_order -fileset sources_1
reset_run synth_1
launch_runs synth_1 -jobs 2
wait_on_run synth_1
launch_runs impl_1 -jobs 2
wait_on_run impl_1
open_run impl_1
close_design
open_run synth_1 -name synth_1
launch_simulation
source posit_adder.tcl
remove_files  /home/laurensvandam/pairhmm_posit_hdl/posit_add/posit_add.srcs/sources_1/new/test.v
file delete -force /home/laurensvandam/pairhmm_posit_hdl/posit_add/posit_add.srcs/sources_1/new/test.v
set_property SOURCE_SET sources_1 [get_filesets sim_1]
add_files -fileset sim_1 -norecurse /home/laurensvandam/pairhmm_posit_hdl/posit_add/posit_add.srcs/sources_1/imports/Posit-Adder/posit_adder_8bit_tb.v
update_compile_order -fileset sim_1
update_compile_order -fileset sim_1
launch_simulation
source posit_adder_8bit_tb_v.tcl
set_property SOURCE_SET sources_1 [get_filesets sim_1]
import_files -fileset sim_1 -norecurse {/home/laurensvandam/pairhmm_posit_hdl/Pin1_8bit.txt /home/laurensvandam/pairhmm_posit_hdl/Pout_8bit_ES4.txt /home/laurensvandam/pairhmm_posit_hdl/Pin2_8bit.txt}
close_sim
launch_simulation
source posit_adder_8bit_tb_v.tcl
step
step
add_bp {/home/laurensvandam/pairhmm_posit_hdl/posit_add/posit_add.srcs/sources_1/imports/Posit-Adder/posit_adder_8bit_tb.v} 57
remove_bps -file {/home/laurensvandam/pairhmm_posit_hdl/posit_add/posit_add.srcs/sources_1/imports/Posit-Adder/posit_adder_8bit_tb.v} -line 57
step
step
run all
close_sim
close_sim
